<?xml version="1.0" encoding="utf-8"?><testsuites name="pytest tests"><testsuite name="pytest" errors="0" failures="0" skipped="0" tests="1" time="1.357" timestamp="2026-06-22T19:56:17.381275+02:00" hostname="tt141"><testcase classname="tests.test_admin.TestRetryEntityTask" name="test_retry_dispatches_to_correct_export" time="0.358" /></testsuite></testsuites>